4:First attempt had an error in my command 
